2025-12-19 21:58:03: (node:99904) [DEP0040] DeprecationWarning: The `punycode` module is deprecated. Please use a userland alternative instead.
2025-12-19 21:58:03: (Use `node --trace-deprecation ...` to show where the warning was created)
2025-12-19 21:58:03: (node:99904) Warning: YoutubeExtractor uses scraping-based streaming libraries which is known to be unstable at times.
2025-12-19 21:58:03: An alternative is to use discord-player-youtubei https://npm.im/discord-player-youtubei
2025-12-19 21:58:03: View this GitHub issue for more information: https://github.com/Androz2091/discord-player/issues/1922
2025-12-19 22:01:42: Player error: Error: No compatible encryption modes. Available include: aead_aes256_gcm_rtpsize, aead_xchacha20_poly1305_rtpsize
2025-12-19 22:01:42:     at chooseEncryptionMode (/Users/hassanrammal/hassanWorkspace/hassan/Jarvis/node_modules/discord-voip/src/networking/Networking.ts:190:9)
2025-12-19 22:01:42:     at /Users/hassanrammal/hassanWorkspace/hassan/Jarvis/node_modules/discord-voip/src/networking/Networking.ts:410:15
2025-12-19 22:02:05: Player error: AbortError: The operation was aborted
2025-12-19 22:02:05:     at AbortSignal.abortListener (node:events:994:14)
2025-12-19 22:02:05:     at AbortSignal.[nodejs.internal.kHybridDispatch] (node:internal/event_target:827:20)
2025-12-19 22:02:05:     at AbortSignal.dispatchEvent (node:internal/event_target:762:26)
2025-12-19 22:02:05:     at runAbort (node:internal/abort_controller:426:10)
2025-12-19 22:02:05:     at abortSignal (node:internal/abort_controller:412:3)
2025-12-19 22:02:05:     at AbortController.abort (node:internal/abort_controller:444:5)
2025-12-19 22:02:05:     at Timeout.<anonymous> (/Users/hassanrammal/hassanWorkspace/hassan/Jarvis/node_modules/discord-voip/src/util/abortAfter.ts:8:38)
2025-12-19 22:02:05:     at listOnTimeout (node:internal/timers:614:17)
2025-12-19 22:02:05:     at processTimers (node:internal/timers:549:7) {
2025-12-19 22:02:05:   code: 'ABORT_ERR',
2025-12-19 22:02:05:   [cause]: DOMException [AbortError]: This operation was aborted
2025-12-19 22:02:05:       at new DOMException (node:internal/per_context/domexception:53:5)
2025-12-19 22:02:05:       at AbortController.abort (node:internal/abort_controller:443:18)
2025-12-19 22:02:05:       at Timeout.<anonymous> (/Users/hassanrammal/hassanWorkspace/hassan/Jarvis/node_modules/discord-voip/src/util/abortAfter.ts:8:38)
2025-12-19 22:02:05:       at listOnTimeout (node:internal/timers:614:17)
2025-12-19 22:02:05:       at processTimers (node:internal/timers:549:7)
2025-12-19 22:02:05: }
2025-12-19 22:03:23: (node:1108) [DEP0040] DeprecationWarning: The `punycode` module is deprecated. Please use a userland alternative instead.
2025-12-19 22:03:23: (Use `node --trace-deprecation ...` to show where the warning was created)
2025-12-19 22:03:23: (node:1108) Warning: YoutubeExtractor uses scraping-based streaming libraries which is known to be unstable at times.
2025-12-19 22:03:23: An alternative is to use discord-player-youtubei https://npm.im/discord-player-youtubei
2025-12-19 22:03:23: View this GitHub issue for more information: https://github.com/Androz2091/discord-player/issues/1922
2025-12-21 17:02:50: (node:91195) DeprecationWarning: The ready event has been renamed to clientReady to distinguish it from the gateway READY event and will only emit under that name in v15. Please use clientReady instead.
2025-12-21 17:02:50: (Use `node --trace-deprecation ...` to show where the warning was created)
2025-12-21 17:06:22: (node:91195) TimeoutNegativeWarning: -6 is a negative number.
2025-12-21 17:06:22: Timeout duration was set to 1.
2025-12-21 19:47:15: (node:7052) DeprecationWarning: The ready event has been renamed to clientReady to distinguish it from the gateway READY event and will only emit under that name in v15. Please use clientReady instead.
2025-12-21 19:47:15: (Use `node --trace-deprecation ...` to show where the warning was created)
2025-12-21 20:23:57: (node:12616) DeprecationWarning: The ready event has been renamed to clientReady to distinguish it from the gateway READY event and will only emit under that name in v15. Please use clientReady instead.
2025-12-21 20:23:57: (Use `node --trace-deprecation ...` to show where the warning was created)
2025-12-21 20:25:40: (node:12997) DeprecationWarning: The ready event has been renamed to clientReady to distinguish it from the gateway READY event and will only emit under that name in v15. Please use clientReady instead.
2025-12-21 20:25:40: (Use `node --trace-deprecation ...` to show where the warning was created)
2025-12-21 20:27:26: (node:13592) DeprecationWarning: The ready event has been renamed to clientReady to distinguish it from the gateway READY event and will only emit under that name in v15. Please use clientReady instead.
2025-12-21 20:27:26: (Use `node --trace-deprecation ...` to show where the warning was created)
2025-12-21 20:43:15: [33mWARNING:[0m Could not parse decipher function.
2025-12-21 20:43:15: Stream URLs will be missing.
2025-12-21 20:43:15: Please report this issue by uploading the "1766367795059-player-script.js" file on https://github.com/distubejs/ytdl-core/issues/144.
2025-12-21 20:43:15: [33mWARNING:[0m Could not parse n transform function.
2025-12-21 20:43:15: Please report this issue by uploading the "1766367795075-player-script.js" file on https://github.com/distubejs/ytdl-core/issues/144.
2025-12-21 20:43:15: DisTube error: Queue {
2025-12-21 20:43:15:   distube: <ref *1> DisTube {
2025-12-21 20:43:15:     _events: [Object: null prototype] {
2025-12-21 20:43:15:       playSong: [Function (anonymous)],
2025-12-21 20:43:15:       addSong: [Function (anonymous)],
2025-12-21 20:43:15:       error: [Function (anonymous)],
2025-12-21 20:43:15:       finish: [Function (anonymous)],
2025-12-21 20:43:15:       empty: [Function (anonymous)]
2025-12-21 20:43:15:     },
2025-12-21 20:43:15:     _eventsCount: 5,
2025-12-21 20:43:15:     _maxListeners: 1,
2025-12-21 20:43:15:     handler: DisTubeHandler { distube: [Circular *1] },
2025-12-21 20:43:15:     options: Options {
2025-12-21 20:43:15:       plugins: [Array],
2025-12-21 20:43:15:       emitNewSongOnly: false,
2025-12-21 20:43:15:       savePreviousSongs: true,
2025-12-21 20:43:15:       customFilters: undefined,
2025-12-21 20:43:15:       nsfw: false,
2025-12-21 20:43:15:       emitAddSongWhenCreatingQueue: true,
2025-12-21 20:43:15:       emitAddListWhenCreatingQueue: true,
2025-12-21 20:43:15:       joinNewVoiceChannel: true,
2025-12-21 20:43:15:       ffmpeg: [Object]
2025-12-21 20:43:15:     },
2025-12-21 20:43:15:     client: Client {
2025-12-21 20:43:15:       _events: [Object: null prototype],
2025-12-21 20:43:15:       _eventsCount: 2,
2025-12-21 20:43:15:       _maxListeners: undefined,
2025-12-21 20:43:15:       options: [Object],
2025-12-21 20:43:15:       rest: [REST],
2025-12-21 20:43:15:       ws: [WebSocketManager],
2025-12-21 20:43:15:       actions: [ActionsManager],
2025-12-21 20:43:15:       voice: [ClientVoiceManager],
2025-12-21 20:43:15:       shard: null,
2025-12-21 20:43:15:       users: UserManager {},
2025-12-21 20:43:15:       guilds: GuildManager {},
2025-12-21 20:43:15:       channels: ChannelManager {},
2025-12-21 20:43:15:       sweepers: [Sweepers],
2025-12-21 20:43:15:       presence: [ClientPresence],
2025-12-21 20:43:15:       user: [ClientUser],
2025-12-21 20:43:15:       application: [ClientApplication],
2025-12-21 20:43:15:       readyTimestamp: 1766367783457,
2025-12-21 20:43:15:       [Symbol(shapeMode)]: false,
2025-12-21 20:43:15:       [Symbol(kCapture)]: true
2025-12-21 20:43:15:     },
2025-12-21 20:43:15:     queues: QueueManager {
2025-12-21 20:43:15:       distube: [Circular *1],
2025-12-21 20:43:15:       collection: [Collection [Map]]
2025-12-21 20:43:15:     },
2025-12-21 20:43:15:     voices: DisTubeVoiceManager {
2025-12-21 20:43:15:       distube: [Circular *1],
2025-12-21 20:43:15:       collection: [Collection [Map]]
2025-12-21 20:43:15:     },
2025-12-21 20:43:15:     plugins: [ [YouTubePlugin] ],
2025-12-21 20:43:15:     filters: {
2025-12-21 20:43:15:       '3d': 'apulsator=hz=0.125',
2025-12-21 20:43:15:       bassboost: 'bass=g=10',
2025-12-21 20:43:15:       echo: 'aecho=0.8:0.9:1000:0.3',
2025-12-21 20:43:15:       flanger: 'flanger',
2025-12-21 20:43:15:       gate: 'agate',
2025-12-21 20:43:15:       haas: 'haas',
2025-12-21 20:43:15:       karaoke: 'stereotools=mlev=0.1',
2025-12-21 20:43:15:       nightcore: 'asetrate=48000*1.25,aresample=48000,bass=g=5',
2025-12-21 20:43:15:       reverse: 'areverse',
2025-12-21 20:43:15:       vaporwave: 'asetrate=48000*0.8,aresample=48000,atempo=1.1',
2025-12-21 20:43:15:       mcompand: 'mcompand',
2025-12-21 20:43:15:       phaser: 'aphaser',
2025-12-21 20:43:15:       tremolo: 'tremolo',
2025-12-21 20:43:15:       surround: 'surround',
2025-12-21 20:43:15:       earwax: 'earwax'
2025-12-21 20:43:15:     },
2025-12-21 20:43:15:     [Symbol(shapeMode)]: false,
2025-12-21 20:43:15:     [Symbol(kCapture)]: false
2025-12-21 20:43:15:   },
2025-12-21 20:43:15:   id: '1322085169733308496',
2025-12-21 20:43:15:   voice: DisTubeVoice {
2025-12-21 20:43:15:     _events: [Object: null prototype] {
2025-12-21 20:43:15:       disconnect: [Function: disconnect],
2025-12-21 20:43:15:       error: [Function: error],
2025-12-21 20:43:15:       finish: [Function: finish]
2025-12-21 20:43:15:     },
2025-12-21 20:43:15:     _eventsCount: 3,
2025-12-21 20:43:15:     _maxListeners: undefined,
2025-12-21 20:43:15:     id: '1322085169733308496',
2025-12-21 20:43:15:     voices: DisTubeVoiceManager {
2025-12-21 20:43:15:       distube: [DisTube],
2025-12-21 20:43:15:       collection: [Collection [Map]]
2025-12-21 20:43:15:     },
2025-12-21 20:43:15:     audioPlayer: AudioPlayer {
2025-12-21 20:43:15:       _events: [Object: null prototype],
2025-12-21 20:43:15:       _eventsCount: 2,
2025-12-21 20:43:15:       _maxListeners: undefined,
2025-12-21 20:43:15:       _state: [Object],
2025-12-21 20:43:15:       subscribers: [Array],
2025-12-21 20:43:15:       behaviors: [Object],
2025-12-21 20:43:15:       debug: [Function (anonymous)],
2025-12-21 20:43:15:       [Symbol(shapeMode)]: false,
2025-12-21 20:43:15:       [Symbol(kCapture)]: false
2025-12-21 20:43:15:     },
2025-12-21 20:43:15:     connection: VoiceConnection {
2025-12-21 20:43:15:       _events: [Object: null prototype],
2025-12-21 20:43:15:       _eventsCount: 3,
2025-12-21 20:43:15:       _maxListeners: undefined,
2025-12-21 20:43:15:       rejoinAttempts: 0,
2025-12-21 20:43:15:       _state: [Object],
2025-12-21 20:43:15:       joinConfig: [Object],
2025-12-21 20:43:15:       packets: [Object],
2025-12-21 20:43:15:       receiver: [VoiceReceiver],
2025-12-21 20:43:15:       debug: null,
2025-12-21 20:43:15:       options: [Object],
2025-12-21 20:43:15:       onNetworkingClose: [Function: bound onNetworkingClose],
2025-12-21 20:43:15:       onNetworkingStateChange: [Function: bound onNetworkingStateChange],
2025-12-21 20:43:15:       onNetworkingError: [Function: bound onNetworkingError],
2025-12-21 20:43:15:       onNetworkingDebug: [Function: bound onNetworkingDebug],
2025-12-21 20:43:15:       onNetworkingTransitioned: [Function: bound onNetworkingTransitioned],
2025-12-21 20:43:15:       [Symbol(shapeMode)]: false,
2025-12-21 20:43:15:       [Symbol(kCapture)]: false
2025-12-21 20:43:15:     },
2025-12-21 20:43:15:     emittedError: true,
2025-12-21 20:43:15:     isDisconnected: false,
2025-12-21 20:43:15:     stream: DisTubeStream {
2025-12-21 20:43:15:       _events: [Object: null prototype],
2025-12-21 20:43:15:       _eventsCount: 2,
2025-12-21 20:43:15:       _maxListeners: undefined,
2025-12-21 20:43:15:       process: [ChildProcess],
2025-12-21 20:43:15:       stream: [VolumeTransformer],
2025-12-21 20:43:15:       audioResource: [AudioResource],
2025-12-21 20:43:15:       [Symbol(shapeMode)]: false,
2025-12-21 20:43:15:       [Symbol(kCapture)]: false
2025-12-21 20:43:15:     },
2025-12-21 20:43:15:     pausingStream: undefined,
2025-12-21 20:43:15:     [Symbol(shapeMode)]: false,
2025-12-21 20:43:15:     [Symbol(kCapture)]: false
2025-12-21 20:43:15:   },
2025-12-21 20:43:15:   songs: [],
2025-12-21 20:43:15:   previousSongs: [],
2025-12-21 20:43:15:   stopped: false,
2025-12-21 20:43:15:   playing: true,
2025-12-21 20:43:15:   paused: false,
2025-12-21 20:43:15:   repeatMode: 0,
2025-12-21 20:43:15:   autoplay: false,
2025-12-21 20:43:15:   ffmpegArgs: { global: {}, input: {}, output: {} },
2025-12-21 20:43:15:   textChannel: <ref *2> TextChannel {
2025-12-21 20:43:15:     type: 0,
2025-12-21 20:43:15:     guild: Guild {
2025-12-21 20:43:15:       id: '1322085169733308496',
2025-12-21 20:43:15:       name: 'Jarvis, make a new server.',
2025-12-21 20:43:15:       icon: '97464494af5357d70ced37db9d8fc856',
2025-12-21 20:43:15:       features: [Array],
2025-12-21 20:43:15:       commands: [GuildApplicationCommandManager],
2025-12-21 20:43:15:       members: [GuildMemberManager],
2025-12-21 20:43:15:       channels: [GuildChannelManager],
2025-12-21 20:43:15:       bans: [GuildBanManager],
2025-12-21 20:43:15:       roles: [RoleManager],
2025-12-21 20:43:15:       presences: PresenceManager {},
2025-12-21 20:43:15:       voiceStates: [VoiceStateManager],
2025-12-21 20:43:15:       stageInstances: [StageInstanceManager],
2025-12-21 20:43:15:       invites: [GuildInviteManager],
2025-12-21 20:43:15:       scheduledEvents: [GuildScheduledEventManager],
2025-12-21 20:43:15:       autoModerationRules: [AutoModerationRuleManager],
2025-12-21 20:43:15:       soundboardSounds: [GuildSoundboardSoundManager],
2025-12-21 20:43:15:       available: true,
2025-12-21 20:43:15:       shardId: 0,
2025-12-21 20:43:15:       splash: null,
2025-12-21 20:43:15:       banner: null,
2025-12-21 20:43:15:       description: null,
2025-12-21 20:43:15:       verificationLevel: 2,
2025-12-21 20:43:15:       vanityURLCode: null,
2025-12-21 20:43:15:       nsfwLevel: 0,
2025-12-21 20:43:15:       premiumSubscriptionCount: 7,
2025-12-21 20:43:15:       discoverySplash: null,
2025-12-21 20:43:15:       memberCount: 18,
2025-12-21 20:43:15:       large: false,
2025-12-21 20:43:15:       premiumProgressBarEnabled: true,
2025-12-21 20:43:15:       applicationId: null,
2025-12-21 20:43:15:       afkTimeout: 1800,
2025-12-21 20:43:15:       afkChannelId: null,
2025-12-21 20:43:15:       systemChannelId: null,
2025-12-21 20:43:15:       premiumTier: 2,
2025-12-21 20:43:15:       widgetEnabled: null,
2025-12-21 20:43:15:       widgetChannelId: null,
2025-12-21 20:43:15:       explicitContentFilter: 1,
2025-12-21 20:43:15:       mfaLevel: 0,
2025-12-21 20:43:15:       joinedTimestamp: 1735435351097,
2025-12-21 20:43:15:       defaultMessageNotifications: 1,
2025-12-21 20:43:15:       systemChannelFlags: [SystemChannelFlagsBitField],
2025-12-21 20:43:15:       maximumMembers: 25000000,
2025-12-21 20:43:15:       maximumPresences: null,
2025-12-21 20:43:15:       maxVideoChannelUsers: 25,
2025-12-21 20:43:15:       maxStageVideoChannelUsers: 150,
2025-12-21 20:43:15:       approximateMemberCount: null,
2025-12-21 20:43:15:       approximatePresenceCount: null,
2025-12-21 20:43:15:       vanityURLUses: null,
2025-12-21 20:43:15:       rulesChannelId: null,
2025-12-21 20:43:15:       publicUpdatesChannelId: null,
2025-12-21 20:43:15:       preferredLocale: 'en-US',
2025-12-21 20:43:15:       safetyAlertsChannelId: null,
2025-12-21 20:43:15:       ownerId: '529718786065039360',
2025-12-21 20:43:15:       emojis: [GuildEmojiManager],
2025-12-21 20:43:15:       stickers: [GuildStickerManager],
2025-12-21 20:43:15:       incidentsData: null
2025-12-21 20:43:15:     },
2025-12-21 20:43:15:     guildId: '1322085169733308496',
2025-12-21 20:43:15:     permissionOverwrites: PermissionOverwriteManager { channel: [Circular *2] },
2025-12-21 20:43:15:     messages: GuildMessageManager { channel: [Circular *2] },
2025-12-21 20:43:15:     threads: GuildTextThreadManager { channel: [Circular *2] },
2025-12-21 20:43:15:     nsfw: false,
2025-12-21 20:43:15:     flags: ChannelFlagsBitField { bitfield: 0 },
2025-12-21 20:43:15:     id: '1322106358631235645',
2025-12-21 20:43:15:     name: 'hassansfuckaround',
2025-12-21 20:43:15:     rawPosition: 2,
2025-12-21 20:43:15:     parentId: '1322103340167069726',
2025-12-21 20:43:15:     topic: null,
2025-12-21 20:43:15:     lastMessageId: '1452476543678025782',
2025-12-21 20:43:15:     lastPinTimestamp: 1766355419451,
2025-12-21 20:43:15:     defaultThreadRateLimitPerUser: null,
2025-12-21 20:43:15:     rateLimitPerUser: 0
2025-12-21 20:43:15:   },
2025-12-21 20:43:15:   _beginTime: 0,
2025-12-21 20:43:15:   _manualUpdate: false,
2025-12-21 20:43:15:   _taskQueue: TaskQueue {},
2025-12-21 20:43:15:   _listeners: {
2025-12-21 20:43:15:     disconnect: [Function: disconnect],
2025-12-21 20:43:15:     error: [Function: error],
2025-12-21 20:43:15:     finish: [Function: finish]
2025-12-21 20:43:15:   }
2025-12-21 20:43:15: }
2025-12-21 20:44:37: [33mWARNING:[0m Could not parse decipher function.
2025-12-21 20:44:37: Stream URLs will be missing.
2025-12-21 20:44:37: Please report this issue by uploading the "1766367877094-player-script.js" file on https://github.com/distubejs/ytdl-core/issues/144.
2025-12-21 20:44:37: [33mWARNING:[0m Could not parse n transform function.
2025-12-21 20:44:37: Please report this issue by uploading the "1766367877109-player-script.js" file on https://github.com/distubejs/ytdl-core/issues/144.
2025-12-21 20:44:37: DisTube error: Queue {
2025-12-21 20:44:37:   distube: <ref *1> DisTube {
2025-12-21 20:44:37:     _events: [Object: null prototype] {
2025-12-21 20:44:37:       playSong: [Function (anonymous)],
2025-12-21 20:44:37:       addSong: [Function (anonymous)],
2025-12-21 20:44:37:       error: [Function (anonymous)],
2025-12-21 20:44:37:       ffmpegDebug: [Function (anonymous)],
2025-12-21 20:44:37:       finish: [Function (anonymous)],
2025-12-21 20:44:37:       empty: [Function (anonymous)]
2025-12-21 20:44:37:     },
2025-12-21 20:44:37:     _eventsCount: 6,
2025-12-21 20:44:37:     _maxListeners: 1,
2025-12-21 20:44:37:     handler: DisTubeHandler { distube: [Circular *1] },
2025-12-21 20:44:37:     options: Options {
2025-12-21 20:44:37:       plugins: [Array],
2025-12-21 20:44:37:       emitNewSongOnly: false,
2025-12-21 20:44:37:       savePreviousSongs: true,
2025-12-21 20:44:37:       customFilters: undefined,
2025-12-21 20:44:37:       nsfw: false,
2025-12-21 20:44:37:       emitAddSongWhenCreatingQueue: true,
2025-12-21 20:44:37:       emitAddListWhenCreatingQueue: true,
2025-12-21 20:44:37:       joinNewVoiceChannel: true,
2025-12-21 20:44:37:       ffmpeg: [Object]
2025-12-21 20:44:37:     },
2025-12-21 20:44:37:     client: Client {
2025-12-21 20:44:37:       _events: [Object: null prototype],
2025-12-21 20:44:37:       _eventsCount: 2,
2025-12-21 20:44:37:       _maxListeners: undefined,
2025-12-21 20:44:37:       options: [Object],
2025-12-21 20:44:37:       rest: [REST],
2025-12-21 20:44:37:       ws: [WebSocketManager],
2025-12-21 20:44:37:       actions: [ActionsManager],
2025-12-21 20:44:37:       voice: [ClientVoiceManager],
2025-12-21 20:44:37:       shard: null,
2025-12-21 20:44:37:       users: UserManager {},
2025-12-21 20:44:37:       guilds: GuildManager {},
2025-12-21 20:44:37:       channels: ChannelManager {},
2025-12-21 20:44:37:       sweepers: [Sweepers],
2025-12-21 20:44:37:       presence: [ClientPresence],
2025-12-21 20:44:37:       user: [ClientUser],
2025-12-21 20:44:37:       application: [ClientApplication],
2025-12-21 20:44:37:       readyTimestamp: 1766367851806,
2025-12-21 20:44:37:       [Symbol(shapeMode)]: false,
2025-12-21 20:44:37:       [Symbol(kCapture)]: true
2025-12-21 20:44:37:     },
2025-12-21 20:44:37:     queues: QueueManager {
2025-12-21 20:44:37:       distube: [Circular *1],
2025-12-21 20:44:37:       collection: [Collection [Map]]
2025-12-21 20:44:37:     },
2025-12-21 20:44:37:     voices: DisTubeVoiceManager {
2025-12-21 20:44:37:       distube: [Circular *1],
2025-12-21 20:44:37:       collection: [Collection [Map]]
2025-12-21 20:44:37:     },
2025-12-21 20:44:37:     plugins: [ [YouTubePlugin] ],
2025-12-21 20:44:37:     filters: {
2025-12-21 20:44:37:       '3d': 'apulsator=hz=0.125',
2025-12-21 20:44:37:       bassboost: 'bass=g=10',
2025-12-21 20:44:37:       echo: 'aecho=0.8:0.9:1000:0.3',
2025-12-21 20:44:37:       flanger: 'flanger',
2025-12-21 20:44:37:       gate: 'agate',
2025-12-21 20:44:37:       haas: 'haas',
2025-12-21 20:44:37:       karaoke: 'stereotools=mlev=0.1',
2025-12-21 20:44:37:       nightcore: 'asetrate=48000*1.25,aresample=48000,bass=g=5',
2025-12-21 20:44:37:       reverse: 'areverse',
2025-12-21 20:44:37:       vaporwave: 'asetrate=48000*0.8,aresample=48000,atempo=1.1',
2025-12-21 20:44:37:       mcompand: 'mcompand',
2025-12-21 20:44:37:       phaser: 'aphaser',
2025-12-21 20:44:37:       tremolo: 'tremolo',
2025-12-21 20:44:37:       surround: 'surround',
2025-12-21 20:44:37:       earwax: 'earwax'
2025-12-21 20:44:37:     },
2025-12-21 20:44:37:     [Symbol(shapeMode)]: false,
2025-12-21 20:44:37:     [Symbol(kCapture)]: false
2025-12-21 20:44:37:   },
2025-12-21 20:44:37:   id: '1322085169733308496',
2025-12-21 20:44:37:   voice: DisTubeVoice {
2025-12-21 20:44:37:     _events: [Object: null prototype] {
2025-12-21 20:44:37:       disconnect: [Function: disconnect],
2025-12-21 20:44:37:       error: [Function: error],
2025-12-21 20:44:37:       finish: [Function: finish]
2025-12-21 20:44:37:     },
2025-12-21 20:44:37:     _eventsCount: 3,
2025-12-21 20:44:37:     _maxListeners: undefined,
2025-12-21 20:44:37:     id: '1322085169733308496',
2025-12-21 20:44:37:     voices: DisTubeVoiceManager {
2025-12-21 20:44:37:       distube: [DisTube],
2025-12-21 20:44:37:       collection: [Collection [Map]]
2025-12-21 20:44:37:     },
2025-12-21 20:44:37:     audioPlayer: AudioPlayer {
2025-12-21 20:44:37:       _events: [Object: null prototype],
2025-12-21 20:44:37:       _eventsCount: 2,
2025-12-21 20:44:37:       _maxListeners: undefined,
2025-12-21 20:44:37:       _state: [Object],
2025-12-21 20:44:37:       subscribers: [Array],
2025-12-21 20:44:37:       behaviors: [Object],
2025-12-21 20:44:37:       debug: [Function (anonymous)],
2025-12-21 20:44:37:       [Symbol(shapeMode)]: false,
2025-12-21 20:44:37:       [Symbol(kCapture)]: false
2025-12-21 20:44:37:     },
2025-12-21 20:44:37:     connection: VoiceConnection {
2025-12-21 20:44:37:       _events: [Object: null prototype],
2025-12-21 20:44:37:       _eventsCount: 3,
2025-12-21 20:44:37:       _maxListeners: undefined,
2025-12-21 20:44:37:       rejoinAttempts: 0,
2025-12-21 20:44:37:       _state: [Object],
2025-12-21 20:44:37:       joinConfig: [Object],
2025-12-21 20:44:37:       packets: [Object],
2025-12-21 20:44:37:       receiver: [VoiceReceiver],
2025-12-21 20:44:37:       debug: null,
2025-12-21 20:44:37:       options: [Object],
2025-12-21 20:44:37:       onNetworkingClose: [Function: bound onNetworkingClose],
2025-12-21 20:44:37:       onNetworkingStateChange: [Function: bound onNetworkingStateChange],
2025-12-21 20:44:37:       onNetworkingError: [Function: bound onNetworkingError],
2025-12-21 20:44:37:       onNetworkingDebug: [Function: bound onNetworkingDebug],
2025-12-21 20:44:37:       onNetworkingTransitioned: [Function: bound onNetworkingTransitioned],
2025-12-21 20:44:37:       [Symbol(shapeMode)]: false,
2025-12-21 20:44:37:       [Symbol(kCapture)]: false
2025-12-21 20:44:37:     },
2025-12-21 20:44:37:     emittedError: true,
2025-12-21 20:44:37:     isDisconnected: false,
2025-12-21 20:44:37:     stream: DisTubeStream {
2025-12-21 20:44:37:       _events: [Object: null prototype],
2025-12-21 20:44:37:       _eventsCount: 2,
2025-12-21 20:44:37:       _maxListeners: undefined,
2025-12-21 20:44:37:       process: [ChildProcess],
2025-12-21 20:44:37:       stream: [VolumeTransformer],
2025-12-21 20:44:37:       audioResource: [AudioResource],
2025-12-21 20:44:37:       [Symbol(shapeMode)]: false,
2025-12-21 20:44:37:       [Symbol(kCapture)]: false
2025-12-21 20:44:37:     },
2025-12-21 20:44:37:     pausingStream: undefined,
2025-12-21 20:44:37:     [Symbol(shapeMode)]: false,
2025-12-21 20:44:37:     [Symbol(kCapture)]: false
2025-12-21 20:44:37:   },
2025-12-21 20:44:37:   songs: [],
2025-12-21 20:44:37:   previousSongs: [],
2025-12-21 20:44:37:   stopped: false,
2025-12-21 20:44:37:   playing: true,
2025-12-21 20:44:37:   paused: false,
2025-12-21 20:44:37:   repeatMode: 0,
2025-12-21 20:44:37:   autoplay: false,
2025-12-21 20:44:37:   ffmpegArgs: { global: {}, input: {}, output: {} },
2025-12-21 20:44:37:   textChannel: <ref *2> TextChannel {
2025-12-21 20:44:37:     type: 0,
2025-12-21 20:44:37:     guild: Guild {
2025-12-21 20:44:37:       id: '1322085169733308496',
2025-12-21 20:44:37:       name: 'Jarvis, make a new server.',
2025-12-21 20:44:37:       icon: '97464494af5357d70ced37db9d8fc856',
2025-12-21 20:44:37:       features: [Array],
2025-12-21 20:44:37:       commands: [GuildApplicationCommandManager],
2025-12-21 20:44:37:       members: [GuildMemberManager],
2025-12-21 20:44:37:       channels: [GuildChannelManager],
2025-12-21 20:44:37:       bans: [GuildBanManager],
2025-12-21 20:44:37:       roles: [RoleManager],
2025-12-21 20:44:37:       presences: PresenceManager {},
2025-12-21 20:44:37:       voiceStates: [VoiceStateManager],
2025-12-21 20:44:37:       stageInstances: [StageInstanceManager],
2025-12-21 20:44:37:       invites: [GuildInviteManager],
2025-12-21 20:44:37:       scheduledEvents: [GuildScheduledEventManager],
2025-12-21 20:44:37:       autoModerationRules: [AutoModerationRuleManager],
2025-12-21 20:44:37:       soundboardSounds: [GuildSoundboardSoundManager],
2025-12-21 20:44:37:       available: true,
2025-12-21 20:44:37:       shardId: 0,
2025-12-21 20:44:37:       splash: null,
2025-12-21 20:44:37:       banner: null,
2025-12-21 20:44:37:       description: null,
2025-12-21 20:44:37:       verificationLevel: 2,
2025-12-21 20:44:37:       vanityURLCode: null,
2025-12-21 20:44:37:       nsfwLevel: 0,
2025-12-21 20:44:37:       premiumSubscriptionCount: 7,
2025-12-21 20:44:37:       discoverySplash: null,
2025-12-21 20:44:37:       memberCount: 18,
2025-12-21 20:44:37:       large: false,
2025-12-21 20:44:37:       premiumProgressBarEnabled: true,
2025-12-21 20:44:37:       applicationId: null,
2025-12-21 20:44:37:       afkTimeout: 1800,
2025-12-21 20:44:37:       afkChannelId: null,
2025-12-21 20:44:37:       systemChannelId: null,
2025-12-21 20:44:37:       premiumTier: 2,
2025-12-21 20:44:37:       widgetEnabled: null,
2025-12-21 20:44:37:       widgetChannelId: null,
2025-12-21 20:44:37:       explicitContentFilter: 1,
2025-12-21 20:44:37:       mfaLevel: 0,
2025-12-21 20:44:37:       joinedTimestamp: 1735435351097,
2025-12-21 20:44:37:       defaultMessageNotifications: 1,
2025-12-21 20:44:37:       systemChannelFlags: [SystemChannelFlagsBitField],
2025-12-21 20:44:37:       maximumMembers: 25000000,
2025-12-21 20:44:37:       maximumPresences: null,
2025-12-21 20:44:37:       maxVideoChannelUsers: 25,
2025-12-21 20:44:37:       maxStageVideoChannelUsers: 150,
2025-12-21 20:44:37:       approximateMemberCount: null,
2025-12-21 20:44:37:       approximatePresenceCount: null,
2025-12-21 20:44:37:       vanityURLUses: null,
2025-12-21 20:44:37:       rulesChannelId: null,
2025-12-21 20:44:37:       publicUpdatesChannelId: null,
2025-12-21 20:44:37:       preferredLocale: 'en-US',
2025-12-21 20:44:37:       safetyAlertsChannelId: null,
2025-12-21 20:44:37:       ownerId: '529718786065039360',
2025-12-21 20:44:37:       emojis: [GuildEmojiManager],
2025-12-21 20:44:37:       stickers: [GuildStickerManager],
2025-12-21 20:44:37:       incidentsData: null
2025-12-21 20:44:37:     },
2025-12-21 20:44:37:     guildId: '1322085169733308496',
2025-12-21 20:44:37:     permissionOverwrites: PermissionOverwriteManager { channel: [Circular *2] },
2025-12-21 20:44:37:     messages: GuildMessageManager { channel: [Circular *2] },
2025-12-21 20:44:37:     threads: GuildTextThreadManager { channel: [Circular *2] },
2025-12-21 20:44:37:     nsfw: false,
2025-12-21 20:44:37:     flags: ChannelFlagsBitField { bitfield: 0 },
2025-12-21 20:44:37:     id: '1322106358631235645',
2025-12-21 20:44:37:     name: 'hassansfuckaround',
2025-12-21 20:44:37:     rawPosition: 2,
2025-12-21 20:44:37:     parentId: '1322103340167069726',
2025-12-21 20:44:37:     topic: null,
2025-12-21 20:44:37:     lastMessageId: '1452476886730150094',
2025-12-21 20:44:37:     lastPinTimestamp: 1766355419451,
2025-12-21 20:44:37:     defaultThreadRateLimitPerUser: null,
2025-12-21 20:44:37:     rateLimitPerUser: 0
2025-12-21 20:44:37:   },
2025-12-21 20:44:37:   _beginTime: 0,
2025-12-21 20:44:37:   _manualUpdate: false,
2025-12-21 20:44:37:   _taskQueue: TaskQueue {},
2025-12-21 20:44:37:   _listeners: {
2025-12-21 20:44:37:     disconnect: [Function: disconnect],
2025-12-21 20:44:37:     error: [Function: error],
2025-12-21 20:44:37:     finish: [Function: finish]
2025-12-21 20:44:37:   }
2025-12-21 20:44:37: }
2025-12-21 20:44:37: TypeError: Converting circular structure to JSON
2025-12-21 20:44:37:     --> starting at object with constructor 'DisTube'
2025-12-21 20:44:37:     |     property 'handler' -> object with constructor 'DisTubeHandler'
2025-12-21 20:44:37:     --- property 'distube' closes the circle
2025-12-21 20:44:37:     at JSON.stringify (<anonymous>)
2025-12-21 20:44:37:     at DisTube.<anonymous> (/Users/hassanrammal/hassanWorkspace/hassan/Jarvis/src/index.ts:39:39)
2025-12-21 20:44:37:     at DisTube.emit (node:events:513:28)
2025-12-21 20:44:37:     at DisTube.emitError (/Users/hassanrammal/hassanWorkspace/hassan/Jarvis/node_modules/distube/src/DisTube.ts:442:10)
2025-12-21 20:44:37:     at QueueManager.emitError (/Users/hassanrammal/hassanWorkspace/hassan/Jarvis/node_modules/distube/src/core/DisTubeBase.ts:34:18)
2025-12-21 20:44:37:     at QueueManager.#handlePlayingError (/Users/hassanrammal/hassanWorkspace/hassan/Jarvis/node_modules/distube/src/core/manager/QueueManager.ts:118:10)
2025-12-21 20:44:37:     at DisTubeVoice.error (/Users/hassanrammal/hassanWorkspace/hassan/Jarvis/node_modules/distube/src/core/manager/QueueManager.ts:46:28)
2025-12-21 20:44:37:     at DisTubeVoice.emit (node:events:513:28)
2025-12-21 20:44:37:     at DisTubeStream.<anonymous> (/Users/hassanrammal/hassanWorkspace/hassan/Jarvis/node_modules/distube/src/core/DisTubeVoice.ts:176:12)
2025-12-21 20:44:37:     at DisTubeStream.emit (node:events:513:28)
2025-12-21 20:47:32: [33mWARNING:[0m Could not parse decipher function.
2025-12-21 20:47:32: Stream URLs will be missing.
2025-12-21 20:47:32: Please report this issue by uploading the "1766368052620-player-script.js" file on https://github.com/distubejs/ytdl-core/issues/144.
2025-12-21 20:47:32: [33mWARNING:[0m Could not parse n transform function.
2025-12-21 20:47:32: Please report this issue by uploading the "1766368052636-player-script.js" file on https://github.com/distubejs/ytdl-core/issues/144.
2025-12-21 20:47:32: === DisTube Error ===
2025-12-21 20:47:32: Message: undefined
2025-12-21 20:47:32: Name: undefined
2025-12-21 20:47:32: Code: undefined
2025-12-21 20:47:32: Stack: undefined
2025-12-21 20:49:34: Play error: DisTubeError [NO_RESULT]: Cannot find any song with this query (despacito)
2025-12-21 20:49:34:     at DisTubeHandler.resolve (/Users/hassanrammal/hassanWorkspace/hassan/Jarvis/node_modules/distube/src/core/DisTubeHandler.ts:48:15)
2025-12-21 20:49:34:     at processTicksAndRejections (node:internal/process/task_queues:105:5)
2025-12-21 20:49:34:     at DisTube.play (/Users/hassanrammal/hassanWorkspace/hassan/Jarvis/node_modules/distube/src/DisTube.ts:224:24)
2025-12-21 20:49:34:     at handlePlay (/Users/hassanrammal/hassanWorkspace/hassan/Jarvis/src/commands/music.ts:33:9)
2025-12-21 20:49:34:     at Client.<anonymous> (/Users/hassanrammal/hassanWorkspace/hassan/Jarvis/src/index.ts:88:9) {
2025-12-21 20:49:34:   errorCode: 'NO_RESULT'
2025-12-21 20:49:34: }
2025-12-21 20:49:49: Play error: DisTubeError [NO_RESULT]: Cannot find any song with this query (drag me down)
2025-12-21 20:49:49:     at DisTubeHandler.resolve (/Users/hassanrammal/hassanWorkspace/hassan/Jarvis/node_modules/distube/src/core/DisTubeHandler.ts:48:15)
2025-12-21 20:49:49:     at processTicksAndRejections (node:internal/process/task_queues:105:5)
2025-12-21 20:49:49:     at DisTube.play (/Users/hassanrammal/hassanWorkspace/hassan/Jarvis/node_modules/distube/src/DisTube.ts:224:24)
2025-12-21 20:49:49:     at handlePlay (/Users/hassanrammal/hassanWorkspace/hassan/Jarvis/src/commands/music.ts:33:9)
2025-12-21 20:49:49:     at Client.<anonymous> (/Users/hassanrammal/hassanWorkspace/hassan/Jarvis/src/index.ts:88:9) {
2025-12-21 20:49:49:   errorCode: 'NO_RESULT'
2025-12-21 20:49:49: }
2025-12-21 20:50:35: [33mWARNING:[0m Could not parse decipher function.
2025-12-21 20:50:35: Stream URLs will be missing.
2025-12-21 20:50:35: Please report this issue by uploading the "1766368235606-player-script.js" file on https://github.com/distubejs/ytdl-core/issues/144.
2025-12-21 20:50:35: [33mWARNING:[0m Could not parse n transform function.
2025-12-21 20:50:35: Please report this issue by uploading the "1766368235621-player-script.js" file on https://github.com/distubejs/ytdl-core/issues/144.
2025-12-21 20:50:36: === DisTube Error ===
2025-12-21 20:50:36: Message: undefined
2025-12-21 20:50:36: Name: undefined
2025-12-21 20:50:36: Code: undefined
2025-12-21 20:50:36: Stack: undefined
2025-12-21 20:50:36: (node:33150) TimeoutNegativeWarning: -13 is a negative number.
2025-12-21 20:50:36: Timeout duration was set to 1.
2025-12-21 20:50:36: (Use `node --trace-warnings ...` to show where the warning was created)
2025-12-21 20:52:01: Play error: DisTubeError [NO_RESULT]: Cannot find any song with this query (drag me down)
2025-12-21 20:52:01:     at DisTubeHandler.resolve (/Users/hassanrammal/hassanWorkspace/hassan/Jarvis/node_modules/distube/src/core/DisTubeHandler.ts:48:15)
2025-12-21 20:52:01:     at processTicksAndRejections (node:internal/process/task_queues:105:5)
2025-12-21 20:52:01:     at DisTube.play (/Users/hassanrammal/hassanWorkspace/hassan/Jarvis/node_modules/distube/src/DisTube.ts:224:24)
2025-12-21 20:52:01:     at handlePlay (/Users/hassanrammal/hassanWorkspace/hassan/Jarvis/src/commands/music.ts:33:9)
2025-12-21 20:52:01:     at Client.<anonymous> (/Users/hassanrammal/hassanWorkspace/hassan/Jarvis/src/index.ts:92:9) {
2025-12-21 20:52:01:   errorCode: 'NO_RESULT'
2025-12-21 20:52:01: }
2025-12-21 20:52:51: Play error: DisTubeError [NO_RESULT]: Cannot find any song with this query (no one noticed)
2025-12-21 20:52:51:     at DisTubeHandler.resolve (/Users/hassanrammal/hassanWorkspace/hassan/Jarvis/node_modules/distube/src/core/DisTubeHandler.ts:48:15)
2025-12-21 20:52:51:     at processTicksAndRejections (node:internal/process/task_queues:105:5)
2025-12-21 20:52:51:     at DisTube.play (/Users/hassanrammal/hassanWorkspace/hassan/Jarvis/node_modules/distube/src/DisTube.ts:224:24)
2025-12-21 20:52:51:     at handlePlay (/Users/hassanrammal/hassanWorkspace/hassan/Jarvis/src/commands/music.ts:33:9)
2025-12-21 20:52:51:     at Client.<anonymous> (/Users/hassanrammal/hassanWorkspace/hassan/Jarvis/src/index.ts:92:9) {
2025-12-21 20:52:51:   errorCode: 'NO_RESULT'
2025-12-21 20:52:51: }
2025-12-21 20:54:10: Play error: DisTubeError [NO_RESULT]: Cannot find any song with this query (ytsearch:despacito)
2025-12-21 20:54:10:     at DisTubeHandler.resolve (/Users/hassanrammal/hassanWorkspace/hassan/Jarvis/node_modules/distube/src/core/DisTubeHandler.ts:48:15)
2025-12-21 20:54:10:     at processTicksAndRejections (node:internal/process/task_queues:105:5)
2025-12-21 20:54:10:     at DisTube.play (/Users/hassanrammal/hassanWorkspace/hassan/Jarvis/node_modules/distube/src/DisTube.ts:224:24)
2025-12-21 20:54:10:     at handlePlay (/Users/hassanrammal/hassanWorkspace/hassan/Jarvis/src/commands/music.ts:36:9)
2025-12-21 20:54:10:     at Client.<anonymous> (/Users/hassanrammal/hassanWorkspace/hassan/Jarvis/src/index.ts:92:9) {
2025-12-21 20:54:10:   errorCode: 'NO_RESULT'
2025-12-21 20:54:10: }
2025-12-21 20:56:48: (node:34895) TimeoutNegativeWarning: -6 is a negative number.
2025-12-21 20:56:48: Timeout duration was set to 1.
2025-12-21 20:56:48: (Use `node --trace-warnings ...` to show where the warning was created)
