2025-12-19 21:58:04: Jarvis is online! 🤖
2025-12-19 22:03:24: Jarvis is online! 🤖
2025-12-21 17:02:50: Jarvis is online! 🤖
2025-12-21 17:02:50: Using @discordjs/voice with yt-dlp
2025-12-21 19:47:15: Jarvis is online! 🤖
2025-12-21 19:47:15: Using @discordjs/voice with yt-dlp
2025-12-21 20:23:57: Jarvis is online! 🤖
2025-12-21 20:23:57: Using @discordjs/voice with Invidious API
2025-12-21 20:24:05: Invidious instance https://invidious.jing.rocks failed, trying next...
2025-12-21 20:25:40: Jarvis is online! 🤖
2025-12-21 20:25:40: Using @discordjs/voice with Invidious API
2025-12-21 20:25:54: Invidious instance https://yt.artemislena.eu failed, trying next...
2025-12-21 20:26:05: Invidious instance https://inv.tux.pizza failed, trying next...
2025-12-21 20:26:05: Invidious instance https://invidious.protokolla.fi failed, trying next...
2025-12-21 20:27:26: Jarvis is online! 🤖
2025-12-21 20:27:26: Using @discordjs/voice with Piped API
2025-12-21 20:27:34: Piped instance https://api.piped.yt failed, trying next...
2025-12-21 20:27:35: Piped instance https://pipedapi.adminforge.de failed, trying next...
2025-12-21 20:43:03: Jarvis is online! 🤖
2025-12-21 20:43:03: Using DisTube with YouTubePlugin
2025-12-21 20:44:11: Jarvis is online! 🤖
2025-12-21 20:44:11: Using DisTube with YouTubePlugin
2025-12-21 20:44:34: FFmpeg debug: [test] spawn ffmpeg at 'ffmpeg' path
2025-12-21 20:44:34: FFmpeg debug: [test] ffmpeg version: 7.1
2025-12-21 20:44:37: FFmpeg debug: [1322085169733308496] [process] spawn: ffmpeg -reconnect 1 -reconnect_streamed 1 -reconnect_delay_max 5 -analyzeduration 0 -hide_banner -i https://rr6---sn-cxaaj5o5q5-tvfl.googlevideo.com/videoplayback?expire=1766389476&ei=hKJIaZa4M47HkucPwquFSQ&ip=142.113.207.213&id=o-AHT3-iyln1eVlGjZ21aog0m3vxz53U3P-7T5gDkoACIO&itag=251&source=youtube&requiressl=yes&xpc=EgVo2aDSNQ%3D%3D&met=1766367876%2C&mh=cq&mm=31%2C29&mn=sn-cxaaj5o5q5-tvfl%2Csn-cxaaj5o5q5-tt1ey&ms=au%2Crdu&mv=m&mvi=6&pl=24&rms=au%2Cau&gcr=ca&initcwndbps=4192500&bui=AYUSA3A1zDAjcIU25U7W20SVdc_aR2m-IabMDFfR6eQXi_mnGJXDNRi86QkhiY7Z0lLgoiS7pwT3ofI3&spc=wH4Qq_SUcNom8PH8NJOKVmYmb3AhDGSiYI-GNFDEYC3IZcl4sUd-j1PwJ_Y2d_7Qd45CuA&vprv=1&svpuc=1&mime=audio%2Fwebm&ns=uPJOx9Z9-4Q9apUDFqWH2qUR&rqh=1&gir=yes&clen=3189134&dur=191.761&lmt=1753832753113340&mt=1766367444&fvip=8&keepalive=yes&lmw=1&fexp=51557447%2C51565116%2C51565681%2C51580970&c=TVHTML5&sefc=1&txp=4532534&n=Ho2UPpkB-GsAb_waCq&sparams=expire%2Cei%2Cip%2Cid%2Citag%2Csource%2Crequiressl%2Cxpc%2Cgcr%2Cbui%2Cspc%2Cvprv%2Csvpuc%2Cmime%2Cns%2Crqh%2Cgir%2Cclen%2Cdur%2Clmt&lsparams=met%2Cmh%2Cmm%2Cmn%2Cms%2Cmv%2Cmvi%2Cpl%2Crms%2Cinitcwndbps&lsig=APaTxxMwRQIhAKfUzLqQTM4ratYM6FwDQgze2TXrAHDYBaSLHRw73Er_AiABPfougPZfV0B3FH0OF6_p9O6YpqY7lhAPIqMIuuxnSw%3D%3D -ar 48000 -ac 2 -f s16le pipe:1
2025-12-21 20:44:37: FFmpeg debug: [1322085169733308496] [ffmpeg] log: [https @ 0x139808800] HTTP error 403 Forbidden
2025-12-21 20:44:37: FFmpeg debug: [1322085169733308496] [ffmpeg] log: [in#0 @ 0x6000011f8000] Error opening input: Server returned 403 Forbidden (access denied)
2025-12-21 20:44:37: FFmpeg debug: [1322085169733308496] [ffmpeg] log: Error opening input file https://rr6---sn-cxaaj5o5q5-tvfl.googlevideo.com/videoplayback?expire=1766389476&ei=hKJIaZa4M47HkucPwquFSQ&ip=142.113.207.213&id=o-AHT3-iyln1eVlGjZ21aog0m3vxz53U3P-7T5gDkoACIO&itag=251&source=youtube&requiressl=yes&xpc=EgVo2aDSNQ%3D%3D&met=1766367876%2C&mh=cq&mm=31%2C29&mn=sn-cxaaj5o5q5-tvfl%2Csn-cxaaj5o5q5-tt1ey&ms=au%2Crdu&mv=m&mvi=6&pl=24&rms=au%2Cau&gcr=ca&initcwndbps=4192500&bui=AYUSA3A1zDAjcIU25U7W20SVdc_aR2m-IabMDFfR6eQXi_mnGJXDNRi86QkhiY7Z0lLgoiS7pwT3ofI3&spc=wH4Qq_SUcNom8PH8NJOKVmYmb3AhDGSiYI-GNFDEYC3IZcl4sUd-j1PwJ_Y2d_7Qd45CuA&vprv=1&svpuc=1&mime=audio%2Fwebm&ns=uPJOx9Z9-4Q9apUDFqWH2qUR&rqh=1&gir=yes&clen=3189134&dur=191.761&lmt=1753832753113340&mt=1766367444&fvip=8&keepalive=yes&lmw=1&fexp=51557447%2C51565116%2C51565681%2C51580970&c=TVHTML5&sefc=1&txp=4532534&n=Ho2UPpkB-GsAb_waCq&sparams=expire%2Cei%2Cip%2Cid%2Citag%2Csource%2Crequiressl%2Cxpc%2Cgcr%2Cbui%2Cspc%2Cvprv%2Csvpuc%2Cmime%2Cns%2Crqh%2Cgir%2Cclen%2Cdur%2Clmt&lsparams=met%2Cmh%2Cmm%2Cmn%2Cms%2Cmv%2Cmvi%2Cpl%2Crms%2Cinitcwndbps&lsig=APaTxxMwRQIhAKfUzLqQTM4ratYM6FwDQgze2TXrAHDYBaSLHRw73Er_AiABPfougPZfV0B3FH0OF6_p9O6YpqY7lhAPIqMIuuxnSw%3D%3D.
2025-12-21 20:44:37: FFmpeg debug: [1322085169733308496] [ffmpeg] log: Error opening input files: Server returned 403 Forbidden (access denied)
2025-12-21 20:44:37: FFmpeg debug: [1322085169733308496] [stream] log: stream finished
2025-12-21 20:44:37: FFmpeg debug: [1322085169733308496] [process] exit: code=8 signal=unknown
2025-12-21 20:44:37: FFmpeg debug: [1322085169733308496] [process] error: ffmpeg exited with code 8
2025-12-21 20:44:43: Jarvis is online! 🤖
2025-12-21 20:44:43: Using DisTube with YouTubePlugin
2025-12-21 20:47:20: Jarvis is online! 🤖
2025-12-21 20:47:20: Using DisTube with YouTubePlugin
2025-12-21 20:47:29: DisTube debug: [QueueManager] Creating queue for guild: 1322085169733308496
2025-12-21 20:47:30: DisTube debug: [QueueManager] Joining voice channel: 1452366779115503721
2025-12-21 20:47:30: DisTube debug: [1322085169733308496] Playing input: despacito
2025-12-21 20:47:30: DisTube debug: [YouTubePlugin] Searching for song: despacito
2025-12-21 20:47:30: DisTube debug: [1322085169733308496] Adding song to queue: Luis Fonsi - Despacito ft. Daddy Yankee
2025-12-21 20:47:30: DisTube debug: [1322085169733308496] Getting stream from: Luis Fonsi - Despacito ft. Daddy Yankee
2025-12-21 20:47:30: DisTube debug: [DisTubeHandler] Getting stream info: Luis Fonsi - Despacito ft. Daddy Yankee
2025-12-21 20:47:30: DisTube debug: [YouTubePlugin] Getting stream URL: Luis Fonsi - Despacito ft. Daddy Yankee
2025-12-21 20:47:32: DisTube debug: [1322085169733308496] Creating DisTubeStream for: Luis Fonsi - Despacito ft. Daddy Yankee
2025-12-21 20:47:32: DisTube debug: [1322085169733308496] Started playing: Luis Fonsi - Despacito ft. Daddy Yankee
2025-12-21 20:47:32: DisTube debug: [1322085169733308496] Error while playing: DisTubeError [FFMPEG_EXITED]: ffmpeg exited with code 8
2025-12-21 20:47:32:     at ChildProcess.<anonymous> (/Users/hassanrammal/hassanWorkspace/hassan/Jarvis/node_modules/distube/src/core/DisTubeStream.ts:142:28)
2025-12-21 20:47:32:     at ChildProcess.emit (node:events:513:28)
2025-12-21 20:47:32:     at Process.ChildProcess._handle.onexit (node:internal/child_process:294:12)
2025-12-21 20:47:32: DisTube debug: [1322085169733308496] Queue is empty, stopping...
2025-12-21 20:49:22: Jarvis is online! 🤖
2025-12-21 20:49:22: Using DisTube with YouTubePlugin
2025-12-21 20:49:34: DisTube debug: [QueueManager] Creating queue for guild: 1322085169733308496
2025-12-21 20:49:34: DisTube debug: [QueueManager] Joining voice channel: 1452366779115503721
2025-12-21 20:49:34: DisTube debug: [1322085169733308496] Playing input: despacito
2025-12-21 20:49:49: DisTube debug: [1322085169733308496] Playing input: drag me down
2025-12-21 20:50:23: Jarvis is online! 🤖
2025-12-21 20:50:23: Using DisTube with YouTubePlugin
2025-12-21 20:50:32: DisTube debug: [QueueManager] Creating queue for guild: 1322085169733308496
2025-12-21 20:50:33: DisTube debug: [QueueManager] Joining voice channel: 1452366779115503721
2025-12-21 20:50:33: DisTube debug: [1322085169733308496] Playing input: despacito
2025-12-21 20:50:33: DisTube debug: [YouTubePlugin] Searching for song: despacito
2025-12-21 20:50:33: DisTube debug: [1322085169733308496] Adding song to queue: Luis Fonsi - Despacito ft. Daddy Yankee
2025-12-21 20:50:33: DisTube debug: [1322085169733308496] Getting stream from: Luis Fonsi - Despacito ft. Daddy Yankee
2025-12-21 20:50:33: DisTube debug: [DisTubeHandler] Getting stream info: Luis Fonsi - Despacito ft. Daddy Yankee
2025-12-21 20:50:33: DisTube debug: [YouTubePlugin] Getting stream URL: Luis Fonsi - Despacito ft. Daddy Yankee
2025-12-21 20:50:35: DisTube debug: [1322085169733308496] Creating DisTubeStream for: Luis Fonsi - Despacito ft. Daddy Yankee
2025-12-21 20:50:35: DisTube debug: [1322085169733308496] Started playing: Luis Fonsi - Despacito ft. Daddy Yankee
2025-12-21 20:50:36: DisTube debug: [1322085169733308496] Error while playing: DisTubeError [FFMPEG_EXITED]: ffmpeg exited with code 8
2025-12-21 20:50:36:     at ChildProcess.<anonymous> (/Users/hassanrammal/hassanWorkspace/hassan/Jarvis/node_modules/distube/src/core/DisTubeStream.ts:142:28)
2025-12-21 20:50:36:     at ChildProcess.emit (node:events:513:28)
2025-12-21 20:50:36:     at Process.ChildProcess._handle.onexit (node:internal/child_process:294:12)
2025-12-21 20:50:36: DisTube debug: [1322085169733308496] Queue is empty, stopping...
2025-12-21 20:51:50: Jarvis is online! 🤖
2025-12-21 20:51:50: Using DisTube with YouTubePlugin
2025-12-21 20:52:01: DisTube debug: [QueueManager] Creating queue for guild: 1322085169733308496
2025-12-21 20:52:01: DisTube debug: [QueueManager] Joining voice channel: 1452366779115503721
2025-12-21 20:52:01: DisTube debug: [1322085169733308496] Playing input: drag me down
2025-12-21 20:52:37: Jarvis is online! 🤖
2025-12-21 20:52:37: Using DisTube with YouTubePlugin
2025-12-21 20:52:50: DisTube debug: [QueueManager] Creating queue for guild: 1322085169733308496
2025-12-21 20:52:50: DisTube debug: [QueueManager] Joining voice channel: 1452366779115503721
2025-12-21 20:52:51: DisTube debug: [1322085169733308496] Playing input: no one noticed
2025-12-21 20:53:40: Jarvis is online! 🤖
2025-12-21 20:53:40: Using DisTube with YtDlpPlugin
2025-12-21 20:54:09: DisTube debug: [QueueManager] Creating queue for guild: 1322085169733308496
2025-12-21 20:54:10: DisTube debug: [QueueManager] Joining voice channel: 1452366779115503721
2025-12-21 20:54:10: DisTube debug: [1322085169733308496] Playing input: ytsearch:despacito
2025-12-21 20:56:28: Jarvis is online! 🤖
2025-12-21 20:56:28: Using @discordjs/voice with yt-dlp
2025-12-21 20:56:42: Searching for: drag me down audio
2025-12-21 20:56:46: Found: One Direction - Drag Me Down (Audio) (rW843YCHrh0)
2025-12-21 20:56:46: Getting stream for: https://www.youtube.com/watch?v=rW843YCHrh0
2025-12-21 20:56:47: yt-dlp: [youtube] Extracting URL: https://www.youtube.com/watch?v=rW843YCHrh0
2025-12-21 20:56:47: 
2025-12-21 20:56:48: yt-dlp: [youtube] [jsc:deno] Solving JS challenges using deno
2025-12-21 20:56:48: 
2025-12-21 20:56:49: yt-dlp: [download] Sleeping 5.00 seconds as required by the site...
2025-12-21 20:56:49: 
2025-12-21 20:56:54: yt-dlp: [download] Destination: -
2025-12-21 20:56:54: 
2025-12-21 20:56:54: yt-dlp: [download]   0.0% of    3.01MiB at  Unknown B/s ETA Unknown
2025-12-21 20:56:54: yt-dlp: [download]   0.1% of    3.01MiB at  Unknown B/s ETA Unknown
2025-12-21 20:56:54: yt-dlp: [download]   0.2% of    3.01MiB at    4.21MiB/s ETA 00:00  
2025-12-21 20:56:54: yt-dlp: [download]   0.5% of    3.01MiB at    7.08MiB/s ETA 00:00
2025-12-21 20:56:54: yt-dlp: [download]   1.0% of    3.01MiB at    5.07MiB/s ETA 00:00
2025-12-21 20:56:54: yt-dlp: [download]   2.0% of    3.01MiB at    6.87MiB/s ETA 00:00
2025-12-21 20:56:54: yt-dlp: [download]   4.1% of    3.01MiB at    7.12MiB/s ETA 00:00
2025-12-21 20:56:54: yt-dlp: [download]   8.3% of    3.01MiB at    2.12MiB/s ETA 00:01
2025-12-21 20:57:05: yt-dlp: [download]  16.6% of    3.01MiB at   47.12KiB/s ETA 00:54
